../Core/Src/CLI-commands.c:196:6:vRegisterCLICommands	8	static
../Core/Src/CLI-commands.c:236:19:prvTaskStatsCommand	40	static
../Core/Src/CLI-commands.c:294:19:prvReadCommand	56	static
../Core/Src/CLI-commands.c:331:19:prvWriteCommand	56	static
../Core/Src/CLI-commands.c:375:19:prvDumpCommand	64	static
../Core/Src/CLI-commands.c:428:19:prvTaskRegsCommand	8	static
../Core/Src/CLI-commands.c:460:19:prvTaskGPIOCommand	16	static
../Core/Src/CLI-commands.c:490:19:prvTempCommand	32	static
../Core/Src/CLI-commands.c:506:19:prvDACCommand	48	static
../Core/Src/CLI-commands.c:542:19:prvADCCommand	40	static
../Core/Src/CLI-commands.c:561:19:prvSPIReadCommand	56	static
../Core/Src/CLI-commands.c:600:19:prvSPIWriteCommand	56	static
